[    2634ms] [ERROR] Permissions policy violation: unload is not allowed in this document. @ https://static.xx.fbcdn.net/rsrc.php/v4/yW/r/1nstLPoxAAp.js:320
[    5100ms] [LOG] 
%cStop! font-family:helvetica; font-size:20px; font-size:50px; font-weight:bold; color:red; -webkit-text-stroke:1px black; @ https://static.xx.fbcdn.net/rsrc.php/v4/yW/r/HBubAIRpXMX.js?_nc_eui2=AeF2XyX1nedvInd7GMaGkxuQWLOSyRYAv4NYs5LJFgC_gzzU2S0TjEgNVzRfp3l0R3o:244
[    5100ms] [LOG] 
%cThis is a browser feature intended for developers. If someone told you to copy and paste something here to enable a Facebook feature or "hack" someone's account, it's a scam and will give them access to your Facebook account. font-family:helvetica; font-size:20px;  @ https://static.xx.fbcdn.net/rsrc.php/v4/yW/r/HBubAIRpXMX.js?_nc_eui2=AeF2XyX1nedvInd7GMaGkxuQWLOSyRYAv4NYs5LJFgC_gzzU2S0TjEgNVzRfp3l0R3o:244
[    5100ms] [LOG] 
%cSee https://www.facebook.com/selfxss for more information. font-family:helvetica; font-size:20px;  @ https://static.xx.fbcdn.net/rsrc.php/v4/yW/r/HBubAIRpXMX.js?_nc_eui2=AeF2XyX1nedvInd7GMaGkxuQWLOSyRYAv4NYs5LJFgC_gzzU2S0TjEgNVzRfp3l0R3o:244
[    5100ms] [LOG] 
%c  @ https://static.xx.fbcdn.net/rsrc.php/v4/yW/r/HBubAIRpXMX.js?_nc_eui2=AeF2XyX1nedvInd7GMaGkxuQWLOSyRYAv4NYs5LJFgC_gzzU2S0TjEgNVzRfp3l0R3o:244
[    7436ms] [WARNING] Canvas2D: Multiple readback operations using getImageData are faster with the willReadFrequently attribute set to true. See: https://html.spec.whatwg.org/multipage/canvas.html#concept-canvas-will-read-frequently @ https://static.xx.fbcdn.net/rsrc.php/v4iJH54/yj/l/en_GB-j/tvMAsQ-0hmr.js?_nc_eui2=AeG6wLmUl2n6K0ygcXdmDQHJnccc9aNwYvSdxxz1o3Bi9EGZQPPoeMhCvS6zuCNrR10:18
[   10578ms] [WARNING] WebSocket connection to 'wss://gateway.facebook.com/ws/rpsignaling?x-dgw-appid=2220391788200892&x-dgw-appversion=0&x-dgw-authtype=1:0&x-dgw-version=5&x-dgw-uuid=623288602&x-dgw-tier=prod&x-dgw-loggingid=a9a292dc-919b-4d50-add0-daae16d50016&x-dgw-deviceid=3853af72-0897-4644-bbe8-9f8194f2353c&x-dgw-app-stream-group=group1&x-dgw-app-useUnifiedStream=true' failed: WebSocket is closed before the connection is established. @ https://static.xx.fbcdn.net/rsrc.php/v4/yF/r/Dlo58E8l08u.js?_nc_eui2=AeFSpCNVy-fiGAqGgvppGoc9fg8dWZMG_P1-Dx1Zkwb8_Xw0YBXnp9wcEuI6sF-SGAg:20
[   91222ms] [WARNING] Canvas2D: Multiple readback operations using getImageData are faster with the willReadFrequently attribute set to true. See: https://html.spec.whatwg.org/multipage/canvas.html#concept-canvas-will-read-frequently @ https://static.xx.fbcdn.net/rsrc.php/v4iJH54/yj/l/en_GB-j/tvMAsQ-0hmr.js?_nc_eui2=AeG6wLmUl2n6K0ygcXdmDQHJnccc9aNwYvSdxxz1o3Bi9EGZQPPoeMhCvS6zuCNrR10:18
[   91472ms] [WARNING] Canvas2D: Multiple readback operations using getImageData are faster with the willReadFrequently attribute set to true. See: https://html.spec.whatwg.org/multipage/canvas.html#concept-canvas-will-read-frequently @ https://static.xx.fbcdn.net/rsrc.php/v4iJH54/yj/l/en_GB-j/tvMAsQ-0hmr.js?_nc_eui2=AeG6wLmUl2n6K0ygcXdmDQHJnccc9aNwYvSdxxz1o3Bi9EGZQPPoeMhCvS6zuCNrR10:18
[   91486ms] [WARNING] Canvas2D: Multiple readback operations using getImageData are faster with the willReadFrequently attribute set to true. See: https://html.spec.whatwg.org/multipage/canvas.html#concept-canvas-will-read-frequently @ https://static.xx.fbcdn.net/rsrc.php/v4iJH54/yj/l/en_GB-j/tvMAsQ-0hmr.js?_nc_eui2=AeG6wLmUl2n6K0ygcXdmDQHJnccc9aNwYvSdxxz1o3Bi9EGZQPPoeMhCvS6zuCNrR10:18
[   92366ms] [ERROR] Failed to load resource: net::ERR_FAILED @ chrome-extension://invalid/:0
[   92373ms] [ERROR] Failed to load resource: net::ERR_FAILED @ chrome-extension://invalid/:0
[   92375ms] [ERROR] Failed to load resource: net::ERR_FAILED @ chrome-extension://invalid/:0
[   92376ms] [ERROR] Failed to load resource: net::ERR_FAILED @ chrome-extension://invalid/:0
[   95536ms] [WARNING] Canvas2D: Multiple readback operations using getImageData are faster with the willReadFrequently attribute set to true. See: https://html.spec.whatwg.org/multipage/canvas.html#concept-canvas-will-read-frequently @ https://static.xx.fbcdn.net/rsrc.php/v4iJH54/yj/l/en_GB-j/tvMAsQ-0hmr.js?_nc_eui2=AeG6wLmUl2n6K0ygcXdmDQHJnccc9aNwYvSdxxz1o3Bi9EGZQPPoeMhCvS6zuCNrR10:18
[   99444ms] [WARNING] Canvas2D: Multiple readback operations using getImageData are faster with the willReadFrequently attribute set to true. See: https://html.spec.whatwg.org/multipage/canvas.html#concept-canvas-will-read-frequently @ https://static.xx.fbcdn.net/rsrc.php/v4iJH54/yj/l/en_GB-j/tvMAsQ-0hmr.js?_nc_eui2=AeG6wLmUl2n6K0ygcXdmDQHJnccc9aNwYvSdxxz1o3Bi9EGZQPPoeMhCvS6zuCNrR10:18
[  101433ms] [WARNING] Canvas2D: Multiple readback operations using getImageData are faster with the willReadFrequently attribute set to true. See: https://html.spec.whatwg.org/multipage/canvas.html#concept-canvas-will-read-frequently @ https://static.xx.fbcdn.net/rsrc.php/v4iJH54/yj/l/en_GB-j/tvMAsQ-0hmr.js?_nc_eui2=AeG6wLmUl2n6K0ygcXdmDQHJnccc9aNwYvSdxxz1o3Bi9EGZQPPoeMhCvS6zuCNrR10:18
[  101443ms] [WARNING] Canvas2D: Multiple readback operations using getImageData are faster with the willReadFrequently attribute set to true. See: https://html.spec.whatwg.org/multipage/canvas.html#concept-canvas-will-read-frequently @ https://static.xx.fbcdn.net/rsrc.php/v4iJH54/yj/l/en_GB-j/tvMAsQ-0hmr.js?_nc_eui2=AeG6wLmUl2n6K0ygcXdmDQHJnccc9aNwYvSdxxz1o3Bi9EGZQPPoeMhCvS6zuCNrR10:18
[  102898ms] [WARNING] Canvas2D: Multiple readback operations using getImageData are faster with the willReadFrequently attribute set to true. See: https://html.spec.whatwg.org/multipage/canvas.html#concept-canvas-will-read-frequently @ https://static.xx.fbcdn.net/rsrc.php/v4iJH54/yj/l/en_GB-j/tvMAsQ-0hmr.js?_nc_eui2=AeG6wLmUl2n6K0ygcXdmDQHJnccc9aNwYvSdxxz1o3Bi9EGZQPPoeMhCvS6zuCNrR10:18
[  104404ms] [WARNING] Canvas2D: Multiple readback operations using getImageData are faster with the willReadFrequently attribute set to true. See: https://html.spec.whatwg.org/multipage/canvas.html#concept-canvas-will-read-frequently @ https://static.xx.fbcdn.net/rsrc.php/v4iJH54/yj/l/en_GB-j/tvMAsQ-0hmr.js?_nc_eui2=AeG6wLmUl2n6K0ygcXdmDQHJnccc9aNwYvSdxxz1o3Bi9EGZQPPoeMhCvS6zuCNrR10:18
[  105576ms] [WARNING] Canvas2D: Multiple readback operations using getImageData are faster with the willReadFrequently attribute set to true. See: https://html.spec.whatwg.org/multipage/canvas.html#concept-canvas-will-read-frequently @ https://static.xx.fbcdn.net/rsrc.php/v4iJH54/yj/l/en_GB-j/tvMAsQ-0hmr.js?_nc_eui2=AeG6wLmUl2n6K0ygcXdmDQHJnccc9aNwYvSdxxz1o3Bi9EGZQPPoeMhCvS6zuCNrR10:18
[  105587ms] [WARNING] Canvas2D: Multiple readback operations using getImageData are faster with the willReadFrequently attribute set to true. See: https://html.spec.whatwg.org/multipage/canvas.html#concept-canvas-will-read-frequently @ https://static.xx.fbcdn.net/rsrc.php/v4iJH54/yj/l/en_GB-j/tvMAsQ-0hmr.js?_nc_eui2=AeG6wLmUl2n6K0ygcXdmDQHJnccc9aNwYvSdxxz1o3Bi9EGZQPPoeMhCvS6zuCNrR10:18
[  107301ms] [WARNING] Canvas2D: Multiple readback operations using getImageData are faster with the willReadFrequently attribute set to true. See: https://html.spec.whatwg.org/multipage/canvas.html#concept-canvas-will-read-frequently @ https://static.xx.fbcdn.net/rsrc.php/v4iJH54/yj/l/en_GB-j/tvMAsQ-0hmr.js?_nc_eui2=AeG6wLmUl2n6K0ygcXdmDQHJnccc9aNwYvSdxxz1o3Bi9EGZQPPoeMhCvS6zuCNrR10:18
[  107523ms] [WARNING] Canvas2D: Multiple readback operations using getImageData are faster with the willReadFrequently attribute set to true. See: https://html.spec.whatwg.org/multipage/canvas.html#concept-canvas-will-read-frequently @ https://static.xx.fbcdn.net/rsrc.php/v4iJH54/yj/l/en_GB-j/tvMAsQ-0hmr.js?_nc_eui2=AeG6wLmUl2n6K0ygcXdmDQHJnccc9aNwYvSdxxz1o3Bi9EGZQPPoeMhCvS6zuCNrR10:18
[  114268ms] [WARNING] Canvas2D: Multiple readback operations using getImageData are faster with the willReadFrequently attribute set to true. See: https://html.spec.whatwg.org/multipage/canvas.html#concept-canvas-will-read-frequently @ https://static.xx.fbcdn.net/rsrc.php/v4iJH54/yj/l/en_GB-j/tvMAsQ-0hmr.js?_nc_eui2=AeG6wLmUl2n6K0ygcXdmDQHJnccc9aNwYvSdxxz1o3Bi9EGZQPPoeMhCvS6zuCNrR10:18
