[    6199ms] [VERBOSE] [DOM] Input elements should have autocomplete attributes (suggested: "current-password"): (More info: https://goo.gl/9p2vKq) %o @ https://www.facebook.com/ela.johor.bahru/:0
[    6199ms] [VERBOSE] [DOM] Input elements should have autocomplete attributes (suggested: "current-password"): (More info: https://goo.gl/9p2vKq) %o @ https://www.facebook.com/ela.johor.bahru/:0
[    6793ms] [ERROR] ErrorUtils caught an error:

terminate stream because StartStreamFailure with msg : UNAUTHENTICATED [Caught in: Subscription error in preprocessResponse]

Subsequent non-fatal errors won't be logged; see https://fburl.com/debugjs. {column: 180, clientTime: 1779351408, extra: Object, guardList: Array(0), hash: m4zxkf} @ https://static.xx.fbcdn.net/rsrc.php/v4/y1/r/vbcF5SslJdk.js:78
[    6795ms] [LOG] 
%cStop! font-family:helvetica; font-size:20px; font-size:50px; font-weight:bold; color:red; -webkit-text-stroke:1px black; @ https://static.xx.fbcdn.net/rsrc.php/v4/y1/r/vbcF5SslJdk.js:244
[    6795ms] [LOG] 
%cThis is a browser feature intended for developers. If someone told you to copy and paste something here to enable a Facebook feature or "hack" someone's account, it's a scam and will give them access to your Facebook account. font-family:helvetica; font-size:20px;  @ https://static.xx.fbcdn.net/rsrc.php/v4/y1/r/vbcF5SslJdk.js:244
[    6795ms] [LOG] 
%cSee https://www.facebook.com/selfxss for more information. font-family:helvetica; font-size:20px;  @ https://static.xx.fbcdn.net/rsrc.php/v4/y1/r/vbcF5SslJdk.js:244
[    6795ms] [LOG] 
%c  @ https://static.xx.fbcdn.net/rsrc.php/v4/y1/r/vbcF5SslJdk.js:244
[  117460ms] [LOG] 
%cStop! font-family:helvetica; font-size:20px; font-size:50px; font-weight:bold; color:red; -webkit-text-stroke:1px black; @ :0
[  117460ms] [LOG] 
%cThis is a browser feature intended for developers. If someone told you to copy and paste something here to enable a Facebook feature or "hack" someone's account, it's a scam and will give them access to your Facebook account. font-family:helvetica; font-size:20px;  @ :0
[  117460ms] [LOG] 
%cSee https://www.facebook.com/selfxss for more information. font-family:helvetica; font-size:20px;  @ :0
[  117460ms] [LOG] 
%c  @ :0
