[    1899ms] [ERROR] Permissions policy violation: unload is not allowed in this document. @ https://static.xx.fbcdn.net/rsrc.php/v4/yW/r/1nstLPoxAAp.js:320
[    2538ms] [LOG] 
%cStop! font-family:helvetica; font-size:20px; font-size:50px; font-weight:bold; color:red; -webkit-text-stroke:1px black; @ https://static.xx.fbcdn.net/rsrc.php/v4/yW/r/HBubAIRpXMX.js?_nc_eui2=AeF2XyX1nedvInd7GMaGkxuQWLOSyRYAv4NYs5LJFgC_gzzU2S0TjEgNVzRfp3l0R3o:244
[    2538ms] [LOG] 
%cThis is a browser feature intended for developers. If someone told you to copy and paste something here to enable a Facebook feature or "hack" someone's account, it's a scam and will give them access to your Facebook account. font-family:helvetica; font-size:20px;  @ https://static.xx.fbcdn.net/rsrc.php/v4/yW/r/HBubAIRpXMX.js?_nc_eui2=AeF2XyX1nedvInd7GMaGkxuQWLOSyRYAv4NYs5LJFgC_gzzU2S0TjEgNVzRfp3l0R3o:244
[    2538ms] [LOG] 
%cSee https://www.facebook.com/selfxss for more information. font-family:helvetica; font-size:20px;  @ https://static.xx.fbcdn.net/rsrc.php/v4/yW/r/HBubAIRpXMX.js?_nc_eui2=AeF2XyX1nedvInd7GMaGkxuQWLOSyRYAv4NYs5LJFgC_gzzU2S0TjEgNVzRfp3l0R3o:244
[    2538ms] [LOG] 
%c  @ https://static.xx.fbcdn.net/rsrc.php/v4/yW/r/HBubAIRpXMX.js?_nc_eui2=AeF2XyX1nedvInd7GMaGkxuQWLOSyRYAv4NYs5LJFgC_gzzU2S0TjEgNVzRfp3l0R3o:244
[    2858ms] [WARNING] Canvas2D: Multiple readback operations using getImageData are faster with the willReadFrequently attribute set to true. See: https://html.spec.whatwg.org/multipage/canvas.html#concept-canvas-will-read-frequently @ https://static.xx.fbcdn.net/rsrc.php/v4iJH54/yj/l/en_GB-j/tvMAsQ-0hmr.js?_nc_eui2=AeG6wLmUl2n6K0ygcXdmDQHJnccc9aNwYvSdxxz1o3Bi9EGZQPPoeMhCvS6zuCNrR10:18
[   85873ms] [ERROR] Failed to load resource: net::ERR_FAILED @ chrome-extension://invalid/:0
[   85876ms] [ERROR] Failed to load resource: net::ERR_FAILED @ chrome-extension://invalid/:0
[   85913ms] [ERROR] Failed to load resource: net::ERR_FAILED @ chrome-extension://invalid/:0
[   85923ms] [ERROR] Failed to load resource: net::ERR_FAILED @ chrome-extension://invalid/:0
[   87079ms] [WARNING] Canvas2D: Multiple readback operations using getImageData are faster with the willReadFrequently attribute set to true. See: https://html.spec.whatwg.org/multipage/canvas.html#concept-canvas-will-read-frequently @ https://static.xx.fbcdn.net/rsrc.php/v4iJH54/yj/l/en_GB-j/tvMAsQ-0hmr.js?_nc_eui2=AeG6wLmUl2n6K0ygcXdmDQHJnccc9aNwYvSdxxz1o3Bi9EGZQPPoeMhCvS6zuCNrR10:18
[   87203ms] [WARNING] Canvas2D: Multiple readback operations using getImageData are faster with the willReadFrequently attribute set to true. See: https://html.spec.whatwg.org/multipage/canvas.html#concept-canvas-will-read-frequently @ https://static.xx.fbcdn.net/rsrc.php/v4iJH54/yj/l/en_GB-j/tvMAsQ-0hmr.js?_nc_eui2=AeG6wLmUl2n6K0ygcXdmDQHJnccc9aNwYvSdxxz1o3Bi9EGZQPPoeMhCvS6zuCNrR10:18
[   87217ms] [WARNING] Canvas2D: Multiple readback operations using getImageData are faster with the willReadFrequently attribute set to true. See: https://html.spec.whatwg.org/multipage/canvas.html#concept-canvas-will-read-frequently @ https://static.xx.fbcdn.net/rsrc.php/v4iJH54/yj/l/en_GB-j/tvMAsQ-0hmr.js?_nc_eui2=AeG6wLmUl2n6K0ygcXdmDQHJnccc9aNwYvSdxxz1o3Bi9EGZQPPoeMhCvS6zuCNrR10:18
[   96551ms] [WARNING] Canvas2D: Multiple readback operations using getImageData are faster with the willReadFrequently attribute set to true. See: https://html.spec.whatwg.org/multipage/canvas.html#concept-canvas-will-read-frequently @ https://static.xx.fbcdn.net/rsrc.php/v4iJH54/yj/l/en_GB-j/tvMAsQ-0hmr.js?_nc_eui2=AeG6wLmUl2n6K0ygcXdmDQHJnccc9aNwYvSdxxz1o3Bi9EGZQPPoeMhCvS6zuCNrR10:18
[  343896ms] [WARNING] Canvas2D: Multiple readback operations using getImageData are faster with the willReadFrequently attribute set to true. See: https://html.spec.whatwg.org/multipage/canvas.html#concept-canvas-will-read-frequently @ https://static.xx.fbcdn.net/rsrc.php/v4iJH54/yj/l/en_GB-j/tvMAsQ-0hmr.js?_nc_eui2=AeG6wLmUl2n6K0ygcXdmDQHJnccc9aNwYvSdxxz1o3Bi9EGZQPPoeMhCvS6zuCNrR10:18
[  345655ms] [WARNING] Canvas2D: Multiple readback operations using getImageData are faster with the willReadFrequently attribute set to true. See: https://html.spec.whatwg.org/multipage/canvas.html#concept-canvas-will-read-frequently @ https://static.xx.fbcdn.net/rsrc.php/v4iJH54/yj/l/en_GB-j/tvMAsQ-0hmr.js?_nc_eui2=AeG6wLmUl2n6K0ygcXdmDQHJnccc9aNwYvSdxxz1o3Bi9EGZQPPoeMhCvS6zuCNrR10:18
[  345886ms] [WARNING] Canvas2D: Multiple readback operations using getImageData are faster with the willReadFrequently attribute set to true. See: https://html.spec.whatwg.org/multipage/canvas.html#concept-canvas-will-read-frequently @ https://static.xx.fbcdn.net/rsrc.php/v4iJH54/yj/l/en_GB-j/tvMAsQ-0hmr.js?_nc_eui2=AeG6wLmUl2n6K0ygcXdmDQHJnccc9aNwYvSdxxz1o3Bi9EGZQPPoeMhCvS6zuCNrR10:18
